INFO:     Will watch for changes in these directories: ['C:\\Users\\abhij\\OneDrive\\Desktop\\Deep Learning\\Hackathon']
INFO:     Uvicorn running on http://127.0.0.1:8000 (Press CTRL+C to quit)
INFO:     Started reloader process [12124] using WatchFiles
C:\Users\abhij\AppData\Local\Programs\Python\Python311\Lib\site-packages\pydantic\_internal\_fields.py:132: UserWarning: Field "model_dir_vision" in Settings has conflict with protected namespace "model_".

You may be able to resolve this warning by setting `model_config['protected_namespaces'] = ('settings_',)`.
  warnings.warn(
C:\Users\abhij\AppData\Local\Programs\Python\Python311\Lib\site-packages\pydantic\_internal\_fields.py:132: UserWarning: Field "model_dir_forgery" in Settings has conflict with protected namespace "model_".

You may be able to resolve this warning by setting `model_config['protected_namespaces'] = ('settings_',)`.
  warnings.warn(
C:\Users\abhij\AppData\Local\Programs\Python\Python311\Lib\site-packages\pydantic\_internal\_fields.py:132: UserWarning: Field "model_spacy_ner" in Settings has conflict with protected namespace "model_".

You may be able to resolve this warning by setting `model_config['protected_namespaces'] = ('settings_',)`.
  warnings.warn(
C:\Users\abhij\AppData\Local\Programs\Python\Python311\Lib\site-packages\pydantic\_internal\_fields.py:132: UserWarning: Field "model_trace" in DocumentArtifact has conflict with protected namespace "model_".

You may be able to resolve this warning by setting `model_config['protected_namespaces'] = ()`.
  warnings.warn(
C:\Users\abhij\AppData\Local\Programs\Python\Python311\Lib\site-packages\pydantic\_internal\_config.py:341: UserWarning: Valid config keys have changed in V2:
* 'allow_population_by_field_name' has been renamed to 'populate_by_name'
  warnings.warn(message, UserWarning)
C:\Users\abhij\AppData\Local\Programs\Python\Python311\Lib\site-packages\pydantic\_internal\_fields.py:132: UserWarning: Field "model_trace" in DocumentRead has conflict with protected namespace "model_".

You may be able to resolve this warning by setting `model_config['protected_namespaces'] = ()`.
  warnings.warn(
2025-11-23 12:27:15.241897: I tensorflow/core/util/port.cc:153] oneDNN custom operations are on. You may see slightly different numerical results due to floating-point round-off errors from different computation orders. To turn them off, set the environment variable `TF_ENABLE_ONEDNN_OPTS=0`.
2025-11-23 12:27:20.181924: I tensorflow/core/util/port.cc:153] oneDNN custom operations are on. You may see slightly different numerical results due to floating-point round-off errors from different computation orders. To turn them off, set the environment variable `TF_ENABLE_ONEDNN_OPTS=0`.
WARNING:  WatchFiles detected changes in 'run_server.py'. Reloading...
WARNING:tensorflow:From C:\Users\abhij\AppData\Local\Programs\Python\Python311\Lib\site-packages\tf_keras\src\losses.py:2976: The name tf.losses.sparse_softmax_cross_entropy is deprecated. Please use tf.compat.v1.losses.sparse_softmax_cross_entropy instead.

INFO:     Started server process [15708]
INFO:     Waiting for application startup.
INFO:     Application startup complete.
ERROR:    Traceback (most recent call last):
  File "C:\Users\abhij\AppData\Local\Programs\Python\Python311\Lib\asyncio\runners.py", line 118, in run
    return self._loop.run_until_complete(task)
           ^^^^^^^^^^^^^^^^^^^^^^^^^^^^^^^^^^^
  File "C:\Users\abhij\AppData\Local\Programs\Python\Python311\Lib\asyncio\base_events.py", line 653, in run_until_complete
    return future.result()
           ^^^^^^^^^^^^^^^
asyncio.exceptions.CancelledError

During handling of the above exception, another exception occurred:

Traceback (most recent call last):
  File "C:\Users\abhij\AppData\Local\Programs\Python\Python311\Lib\asyncio\runners.py", line 190, in run
    return runner.run(main)
           ^^^^^^^^^^^^^^^^
  File "C:\Users\abhij\AppData\Local\Programs\Python\Python311\Lib\asyncio\runners.py", line 123, in run
    raise KeyboardInterrupt()
KeyboardInterrupt

During handling of the above exception, another exception occurred:

Traceback (most recent call last):
  File "C:\Users\abhij\AppData\Local\Programs\Python\Python311\Lib\site-packages\starlette\routing.py", line 741, in lifespan
    await receive()
  File "C:\Users\abhij\AppData\Local\Programs\Python\Python311\Lib\site-packages\uvicorn\lifespan\on.py", line 137, in receive
    return await self.receive_queue.get()
           ^^^^^^^^^^^^^^^^^^^^^^^^^^^^^^
  File "C:\Users\abhij\AppData\Local\Programs\Python\Python311\Lib\asyncio\queues.py", line 158, in get
    await getter
asyncio.exceptions.CancelledError

Process SpawnProcess-1:
Traceback (most recent call last):
  File "C:\Users\abhij\AppData\Local\Programs\Python\Python311\Lib\asyncio\runners.py", line 118, in run
    return self._loop.run_until_complete(task)
           ^^^^^^^^^^^^^^^^^^^^^^^^^^^^^^^^^^^
  File "C:\Users\abhij\AppData\Local\Programs\Python\Python311\Lib\asyncio\base_events.py", line 653, in run_until_complete
    return future.result()
           ^^^^^^^^^^^^^^^
asyncio.exceptions.CancelledError

During handling of the above exception, another exception occurred:

Traceback (most recent call last):
  File "C:\Users\abhij\AppData\Local\Programs\Python\Python311\Lib\multiprocessing\process.py", line 314, in _bootstrap
    self.run()
  File "C:\Users\abhij\AppData\Local\Programs\Python\Python311\Lib\multiprocessing\process.py", line 108, in run
    self._target(*self._args, **self._kwargs)
  File "C:\Users\abhij\AppData\Local\Programs\Python\Python311\Lib\site-packages\uvicorn\_subprocess.py", line 78, in subprocess_started
    target(sockets=sockets)
  File "C:\Users\abhij\AppData\Local\Programs\Python\Python311\Lib\site-packages\uvicorn\server.py", line 65, in run
    return asyncio.run(self.serve(sockets=sockets))
           ^^^^^^^^^^^^^^^^^^^^^^^^^^^^^^^^^^^^^^^^
  File "C:\Users\abhij\AppData\Local\Programs\Python\Python311\Lib\asyncio\runners.py", line 190, in run
    return runner.run(main)
           ^^^^^^^^^^^^^^^^
  File "C:\Users\abhij\AppData\Local\Programs\Python\Python311\Lib\asyncio\runners.py", line 123, in run
    raise KeyboardInterrupt()
KeyboardInterrupt
Traceback (most recent call last):
  File "<string>", line 1, in <module>
  File "C:\Users\abhij\AppData\Local\Programs\Python\Python311\Lib\multiprocessing\spawn.py", line 122, in spawn_main
    exitcode = _main(fd, parent_sentinel)
               ^^^^^^^^^^^^^^^^^^^^^^^^^^
  File "C:\Users\abhij\AppData\Local\Programs\Python\Python311\Lib\multiprocessing\spawn.py", line 131, in _main
    prepare(preparation_data)
  File "C:\Users\abhij\AppData\Local\Programs\Python\Python311\Lib\multiprocessing\spawn.py", line 246, in prepare
    _fixup_main_from_path(data['init_main_from_path'])
  File "C:\Users\abhij\AppData\Local\Programs\Python\Python311\Lib\multiprocessing\spawn.py", line 297, in _fixup_main_from_path
    main_content = runpy.run_path(main_path,
                   ^^^^^^^^^^^^^^^^^^^^^^^^^
  File "<frozen runpy>", line 290, in run_path
  File "<frozen runpy>", line 254, in _get_code_from_file
FileNotFoundError: [Errno 2] No such file or directory: 'C:\\Users\\abhij\\OneDrive\\Desktop\\Deep Learning\\Hackathon\\run_server.py'
WARNING:  WatchFiles detected changes in 'run_server.py'. Reloading...
Traceback (most recent call last):
  File "<string>", line 1, in <module>
  File "C:\Users\abhij\AppData\Local\Programs\Python\Python311\Lib\multiprocessing\spawn.py", line 122, in spawn_main
    exitcode = _main(fd, parent_sentinel)
               ^^^^^^^^^^^^^^^^^^^^^^^^^^
  File "C:\Users\abhij\AppData\Local\Programs\Python\Python311\Lib\multiprocessing\spawn.py", line 131, in _main
    prepare(preparation_data)
  File "C:\Users\abhij\AppData\Local\Programs\Python\Python311\Lib\multiprocessing\spawn.py", line 246, in prepare
    _fixup_main_from_path(data['init_main_from_path'])
  File "C:\Users\abhij\AppData\Local\Programs\Python\Python311\Lib\multiprocessing\spawn.py", line 297, in _fixup_main_from_path
    main_content = runpy.run_path(main_path,
                   ^^^^^^^^^^^^^^^^^^^^^^^^^
  File "<frozen runpy>", line 290, in run_path
  File "<frozen runpy>", line 254, in _get_code_from_file
FileNotFoundError: [Errno 2] No such file or directory: 'C:\\Users\\abhij\\OneDrive\\Desktop\\Deep Learning\\Hackathon\\run_server.py'
WARNING:  WatchFiles detected changes in 'app\models\enums.py'. Reloading...
Traceback (most recent call last):
  File "<string>", line 1, in <module>
  File "C:\Users\abhij\AppData\Local\Programs\Python\Python311\Lib\multiprocessing\spawn.py", line 122, in spawn_main
    exitcode = _main(fd, parent_sentinel)
               ^^^^^^^^^^^^^^^^^^^^^^^^^^
  File "C:\Users\abhij\AppData\Local\Programs\Python\Python311\Lib\multiprocessing\spawn.py", line 131, in _main
    prepare(preparation_data)
  File "C:\Users\abhij\AppData\Local\Programs\Python\Python311\Lib\multiprocessing\spawn.py", line 246, in prepare
    _fixup_main_from_path(data['init_main_from_path'])
  File "C:\Users\abhij\AppData\Local\Programs\Python\Python311\Lib\multiprocessing\spawn.py", line 297, in _fixup_main_from_path
    main_content = runpy.run_path(main_path,
                   ^^^^^^^^^^^^^^^^^^^^^^^^^
  File "<frozen runpy>", line 290, in run_path
  File "<frozen runpy>", line 254, in _get_code_from_file
FileNotFoundError: [Errno 2] No such file or directory: 'C:\\Users\\abhij\\OneDrive\\Desktop\\Deep Learning\\Hackathon\\run_server.py'
WARNING:  WatchFiles detected changes in 'app\models\enums.py'. Reloading...
Traceback (most recent call last):
  File "<string>", line 1, in <module>
  File "C:\Users\abhij\AppData\Local\Programs\Python\Python311\Lib\multiprocessing\spawn.py", line 122, in spawn_main
    exitcode = _main(fd, parent_sentinel)
               ^^^^^^^^^^^^^^^^^^^^^^^^^^
  File "C:\Users\abhij\AppData\Local\Programs\Python\Python311\Lib\multiprocessing\spawn.py", line 131, in _main
    prepare(preparation_data)
  File "C:\Users\abhij\AppData\Local\Programs\Python\Python311\Lib\multiprocessing\spawn.py", line 246, in prepare
    _fixup_main_from_path(data['init_main_from_path'])
  File "C:\Users\abhij\AppData\Local\Programs\Python\Python311\Lib\multiprocessing\spawn.py", line 297, in _fixup_main_from_path
    main_content = runpy.run_path(main_path,
                   ^^^^^^^^^^^^^^^^^^^^^^^^^
  File "<frozen runpy>", line 290, in run_path
  File "<frozen runpy>", line 254, in _get_code_from_file
FileNotFoundError: [Errno 2] No such file or directory: 'C:\\Users\\abhij\\OneDrive\\Desktop\\Deep Learning\\Hackathon\\run_server.py'
WARNING:  WatchFiles detected changes in 'app\models\enums.py'. Reloading...
Traceback (most recent call last):
  File "<string>", line 1, in <module>
  File "C:\Users\abhij\AppData\Local\Programs\Python\Python311\Lib\multiprocessing\spawn.py", line 122, in spawn_main
    exitcode = _main(fd, parent_sentinel)
               ^^^^^^^^^^^^^^^^^^^^^^^^^^
  File "C:\Users\abhij\AppData\Local\Programs\Python\Python311\Lib\multiprocessing\spawn.py", line 131, in _main
    prepare(preparation_data)
  File "C:\Users\abhij\AppData\Local\Programs\Python\Python311\Lib\multiprocessing\spawn.py", line 246, in prepare
    _fixup_main_from_path(data['init_main_from_path'])
  File "C:\Users\abhij\AppData\Local\Programs\Python\Python311\Lib\multiprocessing\spawn.py", line 297, in _fixup_main_from_path
    main_content = runpy.run_path(main_path,
                   ^^^^^^^^^^^^^^^^^^^^^^^^^
  File "<frozen runpy>", line 290, in run_path
  File "<frozen runpy>", line 254, in _get_code_from_file
FileNotFoundError: [Errno 2] No such file or directory: 'C:\\Users\\abhij\\OneDrive\\Desktop\\Deep Learning\\Hackathon\\run_server.py'
WARNING:  WatchFiles detected changes in 'app\models\enums.py'. Reloading...
Traceback (most recent call last):
  File "<string>", line 1, in <module>
  File "C:\Users\abhij\AppData\Local\Programs\Python\Python311\Lib\multiprocessing\spawn.py", line 122, in spawn_main
    exitcode = _main(fd, parent_sentinel)
               ^^^^^^^^^^^^^^^^^^^^^^^^^^
  File "C:\Users\abhij\AppData\Local\Programs\Python\Python311\Lib\multiprocessing\spawn.py", line 131, in _main
    prepare(preparation_data)
  File "C:\Users\abhij\AppData\Local\Programs\Python\Python311\Lib\multiprocessing\spawn.py", line 246, in prepare
    _fixup_main_from_path(data['init_main_from_path'])
  File "C:\Users\abhij\AppData\Local\Programs\Python\Python311\Lib\multiprocessing\spawn.py", line 297, in _fixup_main_from_path
    main_content = runpy.run_path(main_path,
                   ^^^^^^^^^^^^^^^^^^^^^^^^^
  File "<frozen runpy>", line 290, in run_path
  File "<frozen runpy>", line 254, in _get_code_from_file
FileNotFoundError: [Errno 2] No such file or directory: 'C:\\Users\\abhij\\OneDrive\\Desktop\\Deep Learning\\Hackathon\\run_server.py'
WARNING:  WatchFiles detected changes in 'app\core\config.py'. Reloading...
Traceback (most recent call last):
  File "<string>", line 1, in <module>
  File "C:\Users\abhij\AppData\Local\Programs\Python\Python311\Lib\multiprocessing\spawn.py", line 122, in spawn_main
    exitcode = _main(fd, parent_sentinel)
               ^^^^^^^^^^^^^^^^^^^^^^^^^^
  File "C:\Users\abhij\AppData\Local\Programs\Python\Python311\Lib\multiprocessing\spawn.py", line 131, in _main
    prepare(preparation_data)
  File "C:\Users\abhij\AppData\Local\Programs\Python\Python311\Lib\multiprocessing\spawn.py", line 246, in prepare
    _fixup_main_from_path(data['init_main_from_path'])
  File "C:\Users\abhij\AppData\Local\Programs\Python\Python311\Lib\multiprocessing\spawn.py", line 297, in _fixup_main_from_path
    main_content = runpy.run_path(main_path,
                   ^^^^^^^^^^^^^^^^^^^^^^^^^
  File "<frozen runpy>", line 290, in run_path
  File "<frozen runpy>", line 254, in _get_code_from_file
FileNotFoundError: [Errno 2] No such file or directory: 'C:\\Users\\abhij\\OneDrive\\Desktop\\Deep Learning\\Hackathon\\run_server.py'
WARNING:  WatchFiles detected changes in 'app\services\document_pipeline.py'. Reloading...
Traceback (most recent call last):
  File "<string>", line 1, in <module>
  File "C:\Users\abhij\AppData\Local\Programs\Python\Python311\Lib\multiprocessing\spawn.py", line 122, in spawn_main
    exitcode = _main(fd, parent_sentinel)
               ^^^^^^^^^^^^^^^^^^^^^^^^^^
  File "C:\Users\abhij\AppData\Local\Programs\Python\Python311\Lib\multiprocessing\spawn.py", line 131, in _main
    prepare(preparation_data)
  File "C:\Users\abhij\AppData\Local\Programs\Python\Python311\Lib\multiprocessing\spawn.py", line 246, in prepare
    _fixup_main_from_path(data['init_main_from_path'])
  File "C:\Users\abhij\AppData\Local\Programs\Python\Python311\Lib\multiprocessing\spawn.py", line 297, in _fixup_main_from_path
    main_content = runpy.run_path(main_path,
                   ^^^^^^^^^^^^^^^^^^^^^^^^^
  File "<frozen runpy>", line 290, in run_path
  File "<frozen runpy>", line 254, in _get_code_from_file
FileNotFoundError: [Errno 2] No such file or directory: 'C:\\Users\\abhij\\OneDrive\\Desktop\\Deep Learning\\Hackathon\\run_server.py'
WARNING:  WatchFiles detected changes in 'app\core\config.py', 'app\services\document_pipeline.py'. Reloading...
Traceback (most recent call last):
  File "<string>", line 1, in <module>
  File "C:\Users\abhij\AppData\Local\Programs\Python\Python311\Lib\multiprocessing\spawn.py", line 122, in spawn_main
    exitcode = _main(fd, parent_sentinel)
               ^^^^^^^^^^^^^^^^^^^^^^^^^^
  File "C:\Users\abhij\AppData\Local\Programs\Python\Python311\Lib\multiprocessing\spawn.py", line 131, in _main
    prepare(preparation_data)
  File "C:\Users\abhij\AppData\Local\Programs\Python\Python311\Lib\multiprocessing\spawn.py", line 246, in prepare
    _fixup_main_from_path(data['init_main_from_path'])
  File "C:\Users\abhij\AppData\Local\Programs\Python\Python311\Lib\multiprocessing\spawn.py", line 297, in _fixup_main_from_path
    main_content = runpy.run_path(main_path,
                   ^^^^^^^^^^^^^^^^^^^^^^^^^
  File "<frozen runpy>", line 290, in run_path
  File "<frozen runpy>", line 254, in _get_code_from_file
FileNotFoundError: [Errno 2] No such file or directory: 'C:\\Users\\abhij\\OneDrive\\Desktop\\Deep Learning\\Hackathon\\run_server.py'
WARNING:  WatchFiles detected changes in 'tmp_check_db.py'. Reloading...
Traceback (most recent call last):
  File "<string>", line 1, in <module>
  File "C:\Users\abhij\AppData\Local\Programs\Python\Python311\Lib\multiprocessing\spawn.py", line 122, in spawn_main
    exitcode = _main(fd, parent_sentinel)
               ^^^^^^^^^^^^^^^^^^^^^^^^^^
  File "C:\Users\abhij\AppData\Local\Programs\Python\Python311\Lib\multiprocessing\spawn.py", line 131, in _main
    prepare(preparation_data)
  File "C:\Users\abhij\AppData\Local\Programs\Python\Python311\Lib\multiprocessing\spawn.py", line 246, in prepare
    _fixup_main_from_path(data['init_main_from_path'])
  File "C:\Users\abhij\AppData\Local\Programs\Python\Python311\Lib\multiprocessing\spawn.py", line 297, in _fixup_main_from_path
    main_content = runpy.run_path(main_path,
                   ^^^^^^^^^^^^^^^^^^^^^^^^^
  File "<frozen runpy>", line 290, in run_path
  File "<frozen runpy>", line 254, in _get_code_from_file
FileNotFoundError: [Errno 2] No such file or directory: 'C:\\Users\\abhij\\OneDrive\\Desktop\\Deep Learning\\Hackathon\\run_server.py'
WARNING:  WatchFiles detected changes in 'tmp_check_db.py'. Reloading...
Traceback (most recent call last):
  File "<string>", line 1, in <module>
  File "C:\Users\abhij\AppData\Local\Programs\Python\Python311\Lib\multiprocessing\spawn.py", line 122, in spawn_main
    exitcode = _main(fd, parent_sentinel)
               ^^^^^^^^^^^^^^^^^^^^^^^^^^
  File "C:\Users\abhij\AppData\Local\Programs\Python\Python311\Lib\multiprocessing\spawn.py", line 131, in _main
    prepare(preparation_data)
  File "C:\Users\abhij\AppData\Local\Programs\Python\Python311\Lib\multiprocessing\spawn.py", line 246, in prepare
    _fixup_main_from_path(data['init_main_from_path'])
  File "C:\Users\abhij\AppData\Local\Programs\Python\Python311\Lib\multiprocessing\spawn.py", line 297, in _fixup_main_from_path
    main_content = runpy.run_path(main_path,
                   ^^^^^^^^^^^^^^^^^^^^^^^^^
  File "<frozen runpy>", line 290, in run_path
  File "<frozen runpy>", line 254, in _get_code_from_file
FileNotFoundError: [Errno 2] No such file or directory: 'C:\\Users\\abhij\\OneDrive\\Desktop\\Deep Learning\\Hackathon\\run_server.py'
WARNING:  WatchFiles detected changes in 'app\services\document_pipeline.py'. Reloading...
Starting server...
Error: <class 'OSError'> returned a result with an exception set
